......
----------------------------------------------------------------------
Ran 6 tests in 0.179s

OK
